% meta
\documentclass[12pt]{extarticle}

% packages
\usepackage[utf8]{inputenc}
\usepackage[margin=2.0in]{geometry}
\usepackage{hyperref}
\usepackage{amsmath}
\usepackage{amssymb}

% preamble commands
\linespread{1.3}
\usepackage{graphicx}
\graphicspath{{tests/assets/test_components/}}

% document details
\title{\textbf{Title Name}}
\author{Author Name}
\date{This is the date}

% ------------------------------------------------------------------------------
\begin{document}
% ------------------------------------------------------------------------------

\maketitle{}

% ------------------------------------------------------------------------------
\end{document}
% ------------------------------------------------------------------------------

